Building DAG of jobs...
Using shell: /usr/bin/bash
Provided cores: 4
Rules claiming more threads will be scaled down.
Job stats:
job                count
---------------  -------
all                    1
bwa_index              1
dict_copy              1
gatk_dictionary        1
reference_copy         1
samtools_faidx         1
total                  6

Select jobs to execute...

[Sat Jul 25 14:57:20 2026]
rule reference_copy:
    input: reference.fa
    output: Reference/reference.fa
    jobid: 1
    reason: Missing output files: Reference/reference.fa
    resources: tmpdir=/tmp

[Sat Jul 25 14:57:21 2026]
Finished job 1.
1 of 6 steps (17%) done
Select jobs to execute...

[Sat Jul 25 14:57:21 2026]
rule bwa_index:
    input: Reference/reference.fa
    output: Reference/reference.fa.amb, Reference/reference.fa.ann, Reference/reference.fa.bwt, Reference/reference.fa.pac, Reference/reference.fa.sa
    jobid: 4
    reason: Missing output files: Reference/reference.fa.pac, Reference/reference.fa.amb, Reference/reference.fa.sa, Reference/reference.fa.bwt, Reference/reference.fa.ann; Input files updated by another job: Reference/reference.fa
    resources: tmpdir=/tmp


[Sat Jul 25 14:57:21 2026]
rule samtools_faidx:
    input: Reference/reference.fa
    output: Reference/reference.fa.fai
    jobid: 5
    reason: Missing output files: Reference/reference.fa.fai; Input files updated by another job: Reference/reference.fa
    resources: tmpdir=/tmp


[Sat Jul 25 14:57:21 2026]
rule gatk_dictionary:
    input: Reference/reference.fa
    output: Reference/reference.dict
    jobid: 2
    reason: Missing output files: Reference/reference.dict; Input files updated by another job: Reference/reference.fa
    resources: tmpdir=/tmp

[Sat Jul 25 14:57:21 2026]
Finished job 5.
2 of 6 steps (33%) done
[Sat Jul 25 14:57:21 2026]
Finished job 4.
3 of 6 steps (50%) done
[Sat Jul 25 14:57:24 2026]
Finished job 2.
4 of 6 steps (67%) done
Select jobs to execute...

[Sat Jul 25 14:57:24 2026]
rule dict_copy:
    input: Reference/reference.dict
    output: Reference/reference.fa.dict
    jobid: 3
    reason: Missing output files: Reference/reference.fa.dict; Input files updated by another job: Reference/reference.dict
    resources: tmpdir=/tmp

[Sat Jul 25 14:57:24 2026]
Finished job 3.
5 of 6 steps (83%) done
Select jobs to execute...

[Sat Jul 25 14:57:24 2026]
localrule all:
    input: Reference/reference.fa, Reference/reference.dict, Reference/reference.fa.dict, Reference/reference.fa.amb, Reference/reference.fa.ann, Reference/reference.fa.bwt, Reference/reference.fa.pac, Reference/reference.fa.sa, Reference/reference.fa.fai
    jobid: 0
    reason: Input files updated by another job: Reference/reference.fa.dict, Reference/reference.fa.pac, Reference/reference.fa.amb, Reference/reference.dict, Reference/reference.fa.sa, Reference/reference.fa.bwt, Reference/reference.fa, Reference/reference.fa.ann, Reference/reference.fa.fai
    resources: tmpdir=/tmp

[Sat Jul 25 14:57:24 2026]
Finished job 0.
6 of 6 steps (100%) done
Complete log: .snakemake/log/2026-07-25T145720.357223.snakemake.log
