Building DAG of jobs...
Using shell: /usr/bin/bash
Provided cores: 4
Rules claiming more threads will be scaled down.
Job stats:
job                   count
------------------  -------
all                       1
bwa_map                   4
fastp_process             4
fastq_to_sam              4
filter_SNP                4
genotyping                4
haplotype_caller          4
mark_duplicates           4
replace_read_group        4
revert_sam                4
run_loFreq                4
select_INDEL              4
select_SNP                4
set_tags                  4
sort_bam                  4
total                    57

Select jobs to execute...

[Sat Jul 25 14:57:25 2026]
rule fastp_process:
    input: organized-reads/24-007264-003_CHICKEN_2024-03-07/24-007264-003_CHICKEN_2024-03-07_L001_READ1.fastq.gz, organized-reads/24-007264-003_CHICKEN_2024-03-07/24-007264-003_CHICKEN_2024-03-07_L001_READ2.fastq.gz
    output: processed-reads/24-007264-003_CHICKEN_2024-03-07/24-007264-003_CHICKEN_2024-03-07_R1.fastq.gz, processed-reads/24-007264-003_CHICKEN_2024-03-07/24-007264-003_CHICKEN_2024-03-07_R2.fastq.gz
    jobid: 3
    reason: Missing output files: processed-reads/24-007264-003_CHICKEN_2024-03-07/24-007264-003_CHICKEN_2024-03-07_R1.fastq.gz, processed-reads/24-007264-003_CHICKEN_2024-03-07/24-007264-003_CHICKEN_2024-03-07_R2.fastq.gz
    wildcards: sample=24-007264-003_CHICKEN_2024-03-07
    resources: tmpdir=/tmp


[Sat Jul 25 14:57:25 2026]
rule fastp_process:
    input: organized-reads/24-008354-001_BLACKBIRD_2024-03-16/24-008354-001_BLACKBIRD_2024-03-16_L001_READ1.fastq.gz, organized-reads/24-008354-001_BLACKBIRD_2024-03-16/24-008354-001_BLACKBIRD_2024-03-16_L001_READ2.fastq.gz
    output: processed-reads/24-008354-001_BLACKBIRD_2024-03-16/24-008354-001_BLACKBIRD_2024-03-16_R1.fastq.gz, processed-reads/24-008354-001_BLACKBIRD_2024-03-16/24-008354-001_BLACKBIRD_2024-03-16_R2.fastq.gz
    jobid: 4
    reason: Missing output files: processed-reads/24-008354-001_BLACKBIRD_2024-03-16/24-008354-001_BLACKBIRD_2024-03-16_R1.fastq.gz, processed-reads/24-008354-001_BLACKBIRD_2024-03-16/24-008354-001_BLACKBIRD_2024-03-16_R2.fastq.gz
    wildcards: sample=24-008354-001_BLACKBIRD_2024-03-16
    resources: tmpdir=/tmp


[Sat Jul 25 14:57:25 2026]
rule fastp_process:
    input: organized-reads/24-008356-003_Wild-Bird_COGR_2024-03-18/24-008356-003_Wild-Bird_COGR_2024-03-18_L001_READ1.fastq.gz, organized-reads/24-008356-003_Wild-Bird_COGR_2024-03-18/24-008356-003_Wild-Bird_COGR_2024-03-18_L001_READ2.fastq.gz
    output: processed-reads/24-008356-003_Wild-Bird_COGR_2024-03-18/24-008356-003_Wild-Bird_COGR_2024-03-18_R1.fastq.gz, processed-reads/24-008356-003_Wild-Bird_COGR_2024-03-18/24-008356-003_Wild-Bird_COGR_2024-03-18_R2.fastq.gz
    jobid: 2
    reason: Missing output files: processed-reads/24-008356-003_Wild-Bird_COGR_2024-03-18/24-008356-003_Wild-Bird_COGR_2024-03-18_R1.fastq.gz, processed-reads/24-008356-003_Wild-Bird_COGR_2024-03-18/24-008356-003_Wild-Bird_COGR_2024-03-18_R2.fastq.gz
    wildcards: sample=24-008356-003_Wild-Bird_COGR_2024-03-18
    resources: tmpdir=/tmp


[Sat Jul 25 14:57:25 2026]
rule fastp_process:
    input: organized-reads/24-008357-001_BLACKBIRD_2024-03-16/24-008357-001_BLACKBIRD_2024-03-16_L001_READ1.fastq.gz, organized-reads/24-008357-001_BLACKBIRD_2024-03-16/24-008357-001_BLACKBIRD_2024-03-16_L001_READ2.fastq.gz
    output: processed-reads/24-008357-001_BLACKBIRD_2024-03-16/24-008357-001_BLACKBIRD_2024-03-16_R1.fastq.gz, processed-reads/24-008357-001_BLACKBIRD_2024-03-16/24-008357-001_BLACKBIRD_2024-03-16_R2.fastq.gz
    jobid: 1
    reason: Missing output files: processed-reads/24-008357-001_BLACKBIRD_2024-03-16/24-008357-001_BLACKBIRD_2024-03-16_R1.fastq.gz, processed-reads/24-008357-001_BLACKBIRD_2024-03-16/24-008357-001_BLACKBIRD_2024-03-16_R2.fastq.gz
    wildcards: sample=24-008357-001_BLACKBIRD_2024-03-16
    resources: tmpdir=/tmp

[Sat Jul 25 14:57:39 2026]
Finished job 3.
1 of 57 steps (2%) done
Select jobs to execute...

[Sat Jul 25 14:57:39 2026]
rule fastq_to_sam:
    input: processed-reads/24-007264-003_CHICKEN_2024-03-07/24-007264-003_CHICKEN_2024-03-07_R1.fastq.gz, processed-reads/24-007264-003_CHICKEN_2024-03-07/24-007264-003_CHICKEN_2024-03-07_R2.fastq.gz
    output: BAM_files/24-007264-003_CHICKEN_2024-03-07/fastqsam.bam
    jobid: 7
    reason: Missing output files: BAM_files/24-007264-003_CHICKEN_2024-03-07/fastqsam.bam; Input files updated by another job: processed-reads/24-007264-003_CHICKEN_2024-03-07/24-007264-003_CHICKEN_2024-03-07_R1.fastq.gz, processed-reads/24-007264-003_CHICKEN_2024-03-07/24-007264-003_CHICKEN_2024-03-07_R2.fastq.gz
    wildcards: sample=24-007264-003_CHICKEN_2024-03-07
    resources: tmpdir=/tmp

[Sat Jul 25 14:57:45 2026]
Finished job 1.
2 of 57 steps (4%) done
Select jobs to execute...

[Sat Jul 25 14:57:45 2026]
rule fastq_to_sam:
    input: processed-reads/24-008357-001_BLACKBIRD_2024-03-16/24-008357-001_BLACKBIRD_2024-03-16_R1.fastq.gz, processed-reads/24-008357-001_BLACKBIRD_2024-03-16/24-008357-001_BLACKBIRD_2024-03-16_R2.fastq.gz
    output: BAM_files/24-008357-001_BLACKBIRD_2024-03-16/fastqsam.bam
    jobid: 5
    reason: Missing output files: BAM_files/24-008357-001_BLACKBIRD_2024-03-16/fastqsam.bam; Input files updated by another job: processed-reads/24-008357-001_BLACKBIRD_2024-03-16/24-008357-001_BLACKBIRD_2024-03-16_R1.fastq.gz, processed-reads/24-008357-001_BLACKBIRD_2024-03-16/24-008357-001_BLACKBIRD_2024-03-16_R2.fastq.gz
    wildcards: sample=24-008357-001_BLACKBIRD_2024-03-16
    resources: tmpdir=/tmp

[Sat Jul 25 14:57:46 2026]
Finished job 2.
3 of 57 steps (5%) done
Select jobs to execute...

[Sat Jul 25 14:57:46 2026]
rule fastq_to_sam:
    input: processed-reads/24-008356-003_Wild-Bird_COGR_2024-03-18/24-008356-003_Wild-Bird_COGR_2024-03-18_R1.fastq.gz, processed-reads/24-008356-003_Wild-Bird_COGR_2024-03-18/24-008356-003_Wild-Bird_COGR_2024-03-18_R2.fastq.gz
    output: BAM_files/24-008356-003_Wild-Bird_COGR_2024-03-18/fastqsam.bam
    jobid: 6
    reason: Missing output files: BAM_files/24-008356-003_Wild-Bird_COGR_2024-03-18/fastqsam.bam; Input files updated by another job: processed-reads/24-008356-003_Wild-Bird_COGR_2024-03-18/24-008356-003_Wild-Bird_COGR_2024-03-18_R1.fastq.gz, processed-reads/24-008356-003_Wild-Bird_COGR_2024-03-18/24-008356-003_Wild-Bird_COGR_2024-03-18_R2.fastq.gz
    wildcards: sample=24-008356-003_Wild-Bird_COGR_2024-03-18
    resources: tmpdir=/tmp

[Sat Jul 25 14:57:46 2026]
Finished job 4.
4 of 57 steps (7%) done
Select jobs to execute...

[Sat Jul 25 14:57:46 2026]
rule fastq_to_sam:
    input: processed-reads/24-008354-001_BLACKBIRD_2024-03-16/24-008354-001_BLACKBIRD_2024-03-16_R1.fastq.gz, processed-reads/24-008354-001_BLACKBIRD_2024-03-16/24-008354-001_BLACKBIRD_2024-03-16_R2.fastq.gz
    output: BAM_files/24-008354-001_BLACKBIRD_2024-03-16/fastqsam.bam
    jobid: 8
    reason: Missing output files: BAM_files/24-008354-001_BLACKBIRD_2024-03-16/fastqsam.bam; Input files updated by another job: processed-reads/24-008354-001_BLACKBIRD_2024-03-16/24-008354-001_BLACKBIRD_2024-03-16_R1.fastq.gz, processed-reads/24-008354-001_BLACKBIRD_2024-03-16/24-008354-001_BLACKBIRD_2024-03-16_R2.fastq.gz
    wildcards: sample=24-008354-001_BLACKBIRD_2024-03-16
    resources: tmpdir=/tmp

[Sat Jul 25 14:57:52 2026]
Finished job 7.
5 of 57 steps (9%) done
Select jobs to execute...

[Sat Jul 25 14:57:52 2026]
rule revert_sam:
    input: BAM_files/24-007264-003_CHICKEN_2024-03-07/fastqsam.bam
    output: BAM_files/24-007264-003_CHICKEN_2024-03-07/revertsam.bam
    jobid: 11
    reason: Missing output files: BAM_files/24-007264-003_CHICKEN_2024-03-07/revertsam.bam; Input files updated by another job: BAM_files/24-007264-003_CHICKEN_2024-03-07/fastqsam.bam
    wildcards: sample=24-007264-003_CHICKEN_2024-03-07
    resources: tmpdir=/tmp

[Sat Jul 25 14:58:04 2026]
Finished job 11.
6 of 57 steps (11%) done
Select jobs to execute...

[Sat Jul 25 14:58:04 2026]
rule replace_read_group:
    input: BAM_files/24-007264-003_CHICKEN_2024-03-07/revertsam.bam
    output: BAM_files/24-007264-003_CHICKEN_2024-03-07/all_reads.bam
    jobid: 15
    reason: Missing output files: BAM_files/24-007264-003_CHICKEN_2024-03-07/all_reads.bam; Input files updated by another job: BAM_files/24-007264-003_CHICKEN_2024-03-07/revertsam.bam
    wildcards: sample=24-007264-003_CHICKEN_2024-03-07
    resources: tmpdir=/tmp

[Sat Jul 25 14:58:05 2026]
Finished job 8.
7 of 57 steps (12%) done
Select jobs to execute...

[Sat Jul 25 14:58:05 2026]
rule revert_sam:
    input: BAM_files/24-008354-001_BLACKBIRD_2024-03-16/fastqsam.bam
    output: BAM_files/24-008354-001_BLACKBIRD_2024-03-16/revertsam.bam
    jobid: 12
    reason: Missing output files: BAM_files/24-008354-001_BLACKBIRD_2024-03-16/revertsam.bam; Input files updated by another job: BAM_files/24-008354-001_BLACKBIRD_2024-03-16/fastqsam.bam
    wildcards: sample=24-008354-001_BLACKBIRD_2024-03-16
    resources: tmpdir=/tmp

[Sat Jul 25 14:58:05 2026]
Finished job 6.
8 of 57 steps (14%) done
Select jobs to execute...

[Sat Jul 25 14:58:05 2026]
rule revert_sam:
    input: BAM_files/24-008356-003_Wild-Bird_COGR_2024-03-18/fastqsam.bam
    output: BAM_files/24-008356-003_Wild-Bird_COGR_2024-03-18/revertsam.bam
    jobid: 10
    reason: Missing output files: BAM_files/24-008356-003_Wild-Bird_COGR_2024-03-18/revertsam.bam; Input files updated by another job: BAM_files/24-008356-003_Wild-Bird_COGR_2024-03-18/fastqsam.bam
    wildcards: sample=24-008356-003_Wild-Bird_COGR_2024-03-18
    resources: tmpdir=/tmp

[Sat Jul 25 14:58:05 2026]
Finished job 5.
9 of 57 steps (16%) done
Select jobs to execute...

[Sat Jul 25 14:58:05 2026]
rule revert_sam:
    input: BAM_files/24-008357-001_BLACKBIRD_2024-03-16/fastqsam.bam
    output: BAM_files/24-008357-001_BLACKBIRD_2024-03-16/revertsam.bam
    jobid: 9
    reason: Missing output files: BAM_files/24-008357-001_BLACKBIRD_2024-03-16/revertsam.bam; Input files updated by another job: BAM_files/24-008357-001_BLACKBIRD_2024-03-16/fastqsam.bam
    wildcards: sample=24-008357-001_BLACKBIRD_2024-03-16
    resources: tmpdir=/tmp

[Sat Jul 25 14:58:11 2026]
Finished job 15.
10 of 57 steps (18%) done
Select jobs to execute...

[Sat Jul 25 14:58:11 2026]
rule bwa_map:
    input: BAM_files/24-007264-003_CHICKEN_2024-03-07/all_reads.bam, Reference/reference.fa
    output: BAM_files/24-007264-003_CHICKEN_2024-03-07/mapped_reads_all.bam
    jobid: 19
    reason: Missing output files: BAM_files/24-007264-003_CHICKEN_2024-03-07/mapped_reads_all.bam; Input files updated by another job: BAM_files/24-007264-003_CHICKEN_2024-03-07/all_reads.bam
    wildcards: sample=24-007264-003_CHICKEN_2024-03-07
    resources: tmpdir=/tmp

[Sat Jul 25 14:58:19 2026]
Finished job 10.
11 of 57 steps (19%) done
Select jobs to execute...

[Sat Jul 25 14:58:19 2026]
rule replace_read_group:
    input: BAM_files/24-008356-003_Wild-Bird_COGR_2024-03-18/revertsam.bam
    output: BAM_files/24-008356-003_Wild-Bird_COGR_2024-03-18/all_reads.bam
    jobid: 14
    reason: Missing output files: BAM_files/24-008356-003_Wild-Bird_COGR_2024-03-18/all_reads.bam; Input files updated by another job: BAM_files/24-008356-003_Wild-Bird_COGR_2024-03-18/revertsam.bam
    wildcards: sample=24-008356-003_Wild-Bird_COGR_2024-03-18
    resources: tmpdir=/tmp

[Sat Jul 25 14:58:19 2026]
Finished job 9.
12 of 57 steps (21%) done
Select jobs to execute...

[Sat Jul 25 14:58:19 2026]
rule replace_read_group:
    input: BAM_files/24-008357-001_BLACKBIRD_2024-03-16/revertsam.bam
    output: BAM_files/24-008357-001_BLACKBIRD_2024-03-16/all_reads.bam
    jobid: 13
    reason: Missing output files: BAM_files/24-008357-001_BLACKBIRD_2024-03-16/all_reads.bam; Input files updated by another job: BAM_files/24-008357-001_BLACKBIRD_2024-03-16/revertsam.bam
    wildcards: sample=24-008357-001_BLACKBIRD_2024-03-16
    resources: tmpdir=/tmp

[Sat Jul 25 14:58:19 2026]
Finished job 12.
13 of 57 steps (23%) done
Select jobs to execute...

[Sat Jul 25 14:58:19 2026]
rule replace_read_group:
    input: BAM_files/24-008354-001_BLACKBIRD_2024-03-16/revertsam.bam
    output: BAM_files/24-008354-001_BLACKBIRD_2024-03-16/all_reads.bam
    jobid: 16
    reason: Missing output files: BAM_files/24-008354-001_BLACKBIRD_2024-03-16/all_reads.bam; Input files updated by another job: BAM_files/24-008354-001_BLACKBIRD_2024-03-16/revertsam.bam
    wildcards: sample=24-008354-001_BLACKBIRD_2024-03-16
    resources: tmpdir=/tmp

[Sat Jul 25 14:58:27 2026]
Finished job 14.
14 of 57 steps (25%) done
Select jobs to execute...

[Sat Jul 25 14:58:27 2026]
rule bwa_map:
    input: BAM_files/24-008356-003_Wild-Bird_COGR_2024-03-18/all_reads.bam, Reference/reference.fa
    output: BAM_files/24-008356-003_Wild-Bird_COGR_2024-03-18/mapped_reads_all.bam
    jobid: 18
    reason: Missing output files: BAM_files/24-008356-003_Wild-Bird_COGR_2024-03-18/mapped_reads_all.bam; Input files updated by another job: BAM_files/24-008356-003_Wild-Bird_COGR_2024-03-18/all_reads.bam
    wildcards: sample=24-008356-003_Wild-Bird_COGR_2024-03-18
    resources: tmpdir=/tmp

[Sat Jul 25 14:58:28 2026]
Finished job 13.
15 of 57 steps (26%) done
Select jobs to execute...

[Sat Jul 25 14:58:28 2026]
rule bwa_map:
    input: BAM_files/24-008357-001_BLACKBIRD_2024-03-16/all_reads.bam, Reference/reference.fa
    output: BAM_files/24-008357-001_BLACKBIRD_2024-03-16/mapped_reads_all.bam
    jobid: 17
    reason: Missing output files: BAM_files/24-008357-001_BLACKBIRD_2024-03-16/mapped_reads_all.bam; Input files updated by another job: BAM_files/24-008357-001_BLACKBIRD_2024-03-16/all_reads.bam
    wildcards: sample=24-008357-001_BLACKBIRD_2024-03-16
    resources: tmpdir=/tmp

[Sat Jul 25 14:58:28 2026]
Finished job 16.
16 of 57 steps (28%) done
Select jobs to execute...

[Sat Jul 25 14:58:28 2026]
rule bwa_map:
    input: BAM_files/24-008354-001_BLACKBIRD_2024-03-16/all_reads.bam, Reference/reference.fa
    output: BAM_files/24-008354-001_BLACKBIRD_2024-03-16/mapped_reads_all.bam
    jobid: 20
    reason: Missing output files: BAM_files/24-008354-001_BLACKBIRD_2024-03-16/mapped_reads_all.bam; Input files updated by another job: BAM_files/24-008354-001_BLACKBIRD_2024-03-16/all_reads.bam
    wildcards: sample=24-008354-001_BLACKBIRD_2024-03-16
    resources: tmpdir=/tmp

[Sat Jul 25 14:58:45 2026]
Finished job 19.
17 of 57 steps (30%) done
Select jobs to execute...

[Sat Jul 25 14:58:45 2026]
rule sort_bam:
    input: BAM_files/24-007264-003_CHICKEN_2024-03-07/mapped_reads_all.bam
    output: BAM_files/24-007264-003_CHICKEN_2024-03-07/mapped_reads_sort.bam
    jobid: 23
    reason: Missing output files: BAM_files/24-007264-003_CHICKEN_2024-03-07/mapped_reads_sort.bam; Input files updated by another job: BAM_files/24-007264-003_CHICKEN_2024-03-07/mapped_reads_all.bam
    wildcards: sample=24-007264-003_CHICKEN_2024-03-07
    resources: tmpdir=/tmp

[Sat Jul 25 14:58:53 2026]
Finished job 23.
18 of 57 steps (32%) done
Select jobs to execute...

[Sat Jul 25 14:58:53 2026]
rule mark_duplicates:
    input: BAM_files/24-007264-003_CHICKEN_2024-03-07/mapped_reads_sort.bam
    output: BAM_files/24-007264-003_CHICKEN_2024-03-07/mapped_reads_md.bam, logs/24-007264-003_CHICKEN_2024-03-07/duplicate_metrics.txt
    jobid: 27
    reason: Missing output files: logs/24-007264-003_CHICKEN_2024-03-07/duplicate_metrics.txt, BAM_files/24-007264-003_CHICKEN_2024-03-07/mapped_reads_md.bam; Input files updated by another job: BAM_files/24-007264-003_CHICKEN_2024-03-07/mapped_reads_sort.bam
    wildcards: sample=24-007264-003_CHICKEN_2024-03-07
    resources: tmpdir=/tmp

[Sat Jul 25 14:59:01 2026]
Finished job 27.
19 of 57 steps (33%) done
Select jobs to execute...

[Sat Jul 25 14:59:01 2026]
rule set_tags:
    input: BAM_files/24-007264-003_CHICKEN_2024-03-07/mapped_reads_md.bam, Reference/reference.fa
    output: BAM_files/24-007264-003_CHICKEN_2024-03-07/final_mapped_reads.bam
    jobid: 31
    reason: Missing output files: BAM_files/24-007264-003_CHICKEN_2024-03-07/final_mapped_reads.bam; Input files updated by another job: BAM_files/24-007264-003_CHICKEN_2024-03-07/mapped_reads_md.bam
    wildcards: sample=24-007264-003_CHICKEN_2024-03-07
    resources: tmpdir=/tmp

[Sat Jul 25 14:59:13 2026]
Finished job 31.
20 of 57 steps (35%) done
Select jobs to execute...

[Sat Jul 25 14:59:14 2026]
rule run_loFreq:
    input: BAM_files/24-007264-003_CHICKEN_2024-03-07/final_mapped_reads.bam, Reference/reference.fa
    output: vcf_files/24-007264-003_CHICKEN_2024-03-07/lofreq-called-variants.vcf
    jobid: 55
    reason: Missing output files: vcf_files/24-007264-003_CHICKEN_2024-03-07/lofreq-called-variants.vcf; Input files updated by another job: BAM_files/24-007264-003_CHICKEN_2024-03-07/final_mapped_reads.bam
    wildcards: sample=24-007264-003_CHICKEN_2024-03-07
    resources: tmpdir=/tmp

[Sat Jul 25 14:59:17 2026]
Finished job 18.
21 of 57 steps (37%) done
Select jobs to execute...

[Sat Jul 25 14:59:17 2026]
rule haplotype_caller:
    input: BAM_files/24-007264-003_CHICKEN_2024-03-07/final_mapped_reads.bam, Reference/reference.fa
    output: BAM_files/24-007264-003_CHICKEN_2024-03-07/haplotype_caller.bam, vcf_files/24-007264-003_CHICKEN_2024-03-07/gatk4-haplotype-caller.vcf
    jobid: 35
    reason: Missing output files: vcf_files/24-007264-003_CHICKEN_2024-03-07/gatk4-haplotype-caller.vcf, BAM_files/24-007264-003_CHICKEN_2024-03-07/haplotype_caller.bam; Input files updated by another job: BAM_files/24-007264-003_CHICKEN_2024-03-07/final_mapped_reads.bam
    wildcards: sample=24-007264-003_CHICKEN_2024-03-07
    resources: tmpdir=/tmp

[Sat Jul 25 14:59:19 2026]
Finished job 20.
22 of 57 steps (39%) done
Select jobs to execute...

[Sat Jul 25 14:59:19 2026]
rule sort_bam:
    input: BAM_files/24-008354-001_BLACKBIRD_2024-03-16/mapped_reads_all.bam
    output: BAM_files/24-008354-001_BLACKBIRD_2024-03-16/mapped_reads_sort.bam
    jobid: 24
    reason: Missing output files: BAM_files/24-008354-001_BLACKBIRD_2024-03-16/mapped_reads_sort.bam; Input files updated by another job: BAM_files/24-008354-001_BLACKBIRD_2024-03-16/mapped_reads_all.bam
    wildcards: sample=24-008354-001_BLACKBIRD_2024-03-16
    resources: tmpdir=/tmp

[Sat Jul 25 14:59:19 2026]
Finished job 17.
23 of 57 steps (40%) done
Select jobs to execute...

[Sat Jul 25 14:59:20 2026]
rule sort_bam:
    input: BAM_files/24-008357-001_BLACKBIRD_2024-03-16/mapped_reads_all.bam
    output: BAM_files/24-008357-001_BLACKBIRD_2024-03-16/mapped_reads_sort.bam
    jobid: 21
    reason: Missing output files: BAM_files/24-008357-001_BLACKBIRD_2024-03-16/mapped_reads_sort.bam; Input files updated by another job: BAM_files/24-008357-001_BLACKBIRD_2024-03-16/mapped_reads_all.bam
    wildcards: sample=24-008357-001_BLACKBIRD_2024-03-16
    resources: tmpdir=/tmp

[Sat Jul 25 14:59:31 2026]
Finished job 24.
24 of 57 steps (42%) done
Select jobs to execute...

[Sat Jul 25 14:59:31 2026]
rule mark_duplicates:
    input: BAM_files/24-008354-001_BLACKBIRD_2024-03-16/mapped_reads_sort.bam
    output: BAM_files/24-008354-001_BLACKBIRD_2024-03-16/mapped_reads_md.bam, logs/24-008354-001_BLACKBIRD_2024-03-16/duplicate_metrics.txt
    jobid: 28
    reason: Missing output files: BAM_files/24-008354-001_BLACKBIRD_2024-03-16/mapped_reads_md.bam, logs/24-008354-001_BLACKBIRD_2024-03-16/duplicate_metrics.txt; Input files updated by another job: BAM_files/24-008354-001_BLACKBIRD_2024-03-16/mapped_reads_sort.bam
    wildcards: sample=24-008354-001_BLACKBIRD_2024-03-16
    resources: tmpdir=/tmp

[Sat Jul 25 14:59:31 2026]
Finished job 21.
25 of 57 steps (44%) done
Select jobs to execute...

[Sat Jul 25 14:59:32 2026]
rule mark_duplicates:
    input: BAM_files/24-008357-001_BLACKBIRD_2024-03-16/mapped_reads_sort.bam
    output: BAM_files/24-008357-001_BLACKBIRD_2024-03-16/mapped_reads_md.bam, logs/24-008357-001_BLACKBIRD_2024-03-16/duplicate_metrics.txt
    jobid: 25
    reason: Missing output files: logs/24-008357-001_BLACKBIRD_2024-03-16/duplicate_metrics.txt, BAM_files/24-008357-001_BLACKBIRD_2024-03-16/mapped_reads_md.bam; Input files updated by another job: BAM_files/24-008357-001_BLACKBIRD_2024-03-16/mapped_reads_sort.bam
    wildcards: sample=24-008357-001_BLACKBIRD_2024-03-16
    resources: tmpdir=/tmp

[Sat Jul 25 14:59:42 2026]
Finished job 28.
26 of 57 steps (46%) done
Select jobs to execute...

[Sat Jul 25 14:59:42 2026]
rule set_tags:
    input: BAM_files/24-008354-001_BLACKBIRD_2024-03-16/mapped_reads_md.bam, Reference/reference.fa
    output: BAM_files/24-008354-001_BLACKBIRD_2024-03-16/final_mapped_reads.bam
    jobid: 32
    reason: Missing output files: BAM_files/24-008354-001_BLACKBIRD_2024-03-16/final_mapped_reads.bam; Input files updated by another job: BAM_files/24-008354-001_BLACKBIRD_2024-03-16/mapped_reads_md.bam
    wildcards: sample=24-008354-001_BLACKBIRD_2024-03-16
    resources: tmpdir=/tmp

[Sat Jul 25 14:59:43 2026]
Finished job 25.
27 of 57 steps (47%) done
Select jobs to execute...

[Sat Jul 25 14:59:43 2026]
rule set_tags:
    input: BAM_files/24-008357-001_BLACKBIRD_2024-03-16/mapped_reads_md.bam, Reference/reference.fa
    output: BAM_files/24-008357-001_BLACKBIRD_2024-03-16/final_mapped_reads.bam
    jobid: 29
    reason: Missing output files: BAM_files/24-008357-001_BLACKBIRD_2024-03-16/final_mapped_reads.bam; Input files updated by another job: BAM_files/24-008357-001_BLACKBIRD_2024-03-16/mapped_reads_md.bam
    wildcards: sample=24-008357-001_BLACKBIRD_2024-03-16
    resources: tmpdir=/tmp

[Sat Jul 25 14:59:57 2026]
Finished job 32.
28 of 57 steps (49%) done
Select jobs to execute...

[Sat Jul 25 14:59:57 2026]
rule sort_bam:
    input: BAM_files/24-008356-003_Wild-Bird_COGR_2024-03-18/mapped_reads_all.bam
    output: BAM_files/24-008356-003_Wild-Bird_COGR_2024-03-18/mapped_reads_sort.bam
    jobid: 22
    reason: Missing output files: BAM_files/24-008356-003_Wild-Bird_COGR_2024-03-18/mapped_reads_sort.bam; Input files updated by another job: BAM_files/24-008356-003_Wild-Bird_COGR_2024-03-18/mapped_reads_all.bam
    wildcards: sample=24-008356-003_Wild-Bird_COGR_2024-03-18
    resources: tmpdir=/tmp

[Sat Jul 25 14:59:58 2026]
Finished job 29.
29 of 57 steps (51%) done
Select jobs to execute...

[Sat Jul 25 14:59:58 2026]
rule run_loFreq:
    input: BAM_files/24-008357-001_BLACKBIRD_2024-03-16/final_mapped_reads.bam, Reference/reference.fa
    output: vcf_files/24-008357-001_BLACKBIRD_2024-03-16/lofreq-called-variants.vcf
    jobid: 53
    reason: Missing output files: vcf_files/24-008357-001_BLACKBIRD_2024-03-16/lofreq-called-variants.vcf; Input files updated by another job: BAM_files/24-008357-001_BLACKBIRD_2024-03-16/final_mapped_reads.bam
    wildcards: sample=24-008357-001_BLACKBIRD_2024-03-16
    resources: tmpdir=/tmp

[Sat Jul 25 15:00:07 2026]
Finished job 22.
30 of 57 steps (53%) done
Select jobs to execute...

[Sat Jul 25 15:00:07 2026]
rule haplotype_caller:
    input: BAM_files/24-008354-001_BLACKBIRD_2024-03-16/final_mapped_reads.bam, Reference/reference.fa
    output: BAM_files/24-008354-001_BLACKBIRD_2024-03-16/haplotype_caller.bam, vcf_files/24-008354-001_BLACKBIRD_2024-03-16/gatk4-haplotype-caller.vcf
    jobid: 36
    reason: Missing output files: BAM_files/24-008354-001_BLACKBIRD_2024-03-16/haplotype_caller.bam, vcf_files/24-008354-001_BLACKBIRD_2024-03-16/gatk4-haplotype-caller.vcf; Input files updated by another job: BAM_files/24-008354-001_BLACKBIRD_2024-03-16/final_mapped_reads.bam
    wildcards: sample=24-008354-001_BLACKBIRD_2024-03-16
    resources: tmpdir=/tmp

[Sat Jul 25 15:01:00 2026]
Finished job 55.
31 of 57 steps (54%) done
Select jobs to execute...

[Sat Jul 25 15:01:01 2026]
rule mark_duplicates:
    input: BAM_files/24-008356-003_Wild-Bird_COGR_2024-03-18/mapped_reads_sort.bam
    output: BAM_files/24-008356-003_Wild-Bird_COGR_2024-03-18/mapped_reads_md.bam, logs/24-008356-003_Wild-Bird_COGR_2024-03-18/duplicate_metrics.txt
    jobid: 26
    reason: Missing output files: BAM_files/24-008356-003_Wild-Bird_COGR_2024-03-18/mapped_reads_md.bam, logs/24-008356-003_Wild-Bird_COGR_2024-03-18/duplicate_metrics.txt; Input files updated by another job: BAM_files/24-008356-003_Wild-Bird_COGR_2024-03-18/mapped_reads_sort.bam
    wildcards: sample=24-008356-003_Wild-Bird_COGR_2024-03-18
    resources: tmpdir=/tmp

[Sat Jul 25 15:01:10 2026]
Finished job 26.
32 of 57 steps (56%) done
Select jobs to execute...

[Sat Jul 25 15:01:11 2026]
rule set_tags:
    input: BAM_files/24-008356-003_Wild-Bird_COGR_2024-03-18/mapped_reads_md.bam, Reference/reference.fa
    output: BAM_files/24-008356-003_Wild-Bird_COGR_2024-03-18/final_mapped_reads.bam
    jobid: 30
    reason: Missing output files: BAM_files/24-008356-003_Wild-Bird_COGR_2024-03-18/final_mapped_reads.bam; Input files updated by another job: BAM_files/24-008356-003_Wild-Bird_COGR_2024-03-18/mapped_reads_md.bam
    wildcards: sample=24-008356-003_Wild-Bird_COGR_2024-03-18
    resources: tmpdir=/tmp

[Sat Jul 25 15:01:22 2026]
Finished job 30.
33 of 57 steps (58%) done
Select jobs to execute...

[Sat Jul 25 15:01:23 2026]
rule run_loFreq:
    input: BAM_files/24-008356-003_Wild-Bird_COGR_2024-03-18/final_mapped_reads.bam, Reference/reference.fa
    output: vcf_files/24-008356-003_Wild-Bird_COGR_2024-03-18/lofreq-called-variants.vcf
    jobid: 54
    reason: Missing output files: vcf_files/24-008356-003_Wild-Bird_COGR_2024-03-18/lofreq-called-variants.vcf; Input files updated by another job: BAM_files/24-008356-003_Wild-Bird_COGR_2024-03-18/final_mapped_reads.bam
    wildcards: sample=24-008356-003_Wild-Bird_COGR_2024-03-18
    resources: tmpdir=/tmp

[Sat Jul 25 15:02:31 2026]
Finished job 53.
34 of 57 steps (60%) done
Select jobs to execute...

[Sat Jul 25 15:02:31 2026]
rule haplotype_caller:
    input: BAM_files/24-008356-003_Wild-Bird_COGR_2024-03-18/final_mapped_reads.bam, Reference/reference.fa
    output: BAM_files/24-008356-003_Wild-Bird_COGR_2024-03-18/haplotype_caller.bam, vcf_files/24-008356-003_Wild-Bird_COGR_2024-03-18/gatk4-haplotype-caller.vcf
    jobid: 34
    reason: Missing output files: BAM_files/24-008356-003_Wild-Bird_COGR_2024-03-18/haplotype_caller.bam, vcf_files/24-008356-003_Wild-Bird_COGR_2024-03-18/gatk4-haplotype-caller.vcf; Input files updated by another job: BAM_files/24-008356-003_Wild-Bird_COGR_2024-03-18/final_mapped_reads.bam
    wildcards: sample=24-008356-003_Wild-Bird_COGR_2024-03-18
    resources: tmpdir=/tmp

[Sat Jul 25 15:03:50 2026]
Finished job 54.
35 of 57 steps (61%) done
Select jobs to execute...

[Sat Jul 25 15:03:50 2026]
rule run_loFreq:
    input: BAM_files/24-008354-001_BLACKBIRD_2024-03-16/final_mapped_reads.bam, Reference/reference.fa
    output: vcf_files/24-008354-001_BLACKBIRD_2024-03-16/lofreq-called-variants.vcf
    jobid: 56
    reason: Missing output files: vcf_files/24-008354-001_BLACKBIRD_2024-03-16/lofreq-called-variants.vcf; Input files updated by another job: BAM_files/24-008354-001_BLACKBIRD_2024-03-16/final_mapped_reads.bam
    wildcards: sample=24-008354-001_BLACKBIRD_2024-03-16
    resources: tmpdir=/tmp

[Sat Jul 25 15:06:21 2026]
Finished job 56.
36 of 57 steps (63%) done
Select jobs to execute...

[Sat Jul 25 15:06:21 2026]
rule haplotype_caller:
    input: BAM_files/24-008357-001_BLACKBIRD_2024-03-16/final_mapped_reads.bam, Reference/reference.fa
    output: BAM_files/24-008357-001_BLACKBIRD_2024-03-16/haplotype_caller.bam, vcf_files/24-008357-001_BLACKBIRD_2024-03-16/gatk4-haplotype-caller.vcf
    jobid: 33
    reason: Missing output files: vcf_files/24-008357-001_BLACKBIRD_2024-03-16/gatk4-haplotype-caller.vcf, BAM_files/24-008357-001_BLACKBIRD_2024-03-16/haplotype_caller.bam; Input files updated by another job: BAM_files/24-008357-001_BLACKBIRD_2024-03-16/final_mapped_reads.bam
    wildcards: sample=24-008357-001_BLACKBIRD_2024-03-16
    resources: tmpdir=/tmp

[Sat Jul 25 15:15:34 2026]
Finished job 35.
37 of 57 steps (65%) done
Select jobs to execute...

[Sat Jul 25 15:15:34 2026]
rule genotyping:
    input: vcf_files/24-007264-003_CHICKEN_2024-03-07/gatk4-haplotype-caller.vcf, Reference/reference.fa
    output: vcf_files/24-007264-003_CHICKEN_2024-03-07/gatk4-unfiltered-genotypes.vcf
    jobid: 39
    reason: Missing output files: vcf_files/24-007264-003_CHICKEN_2024-03-07/gatk4-unfiltered-genotypes.vcf; Input files updated by another job: vcf_files/24-007264-003_CHICKEN_2024-03-07/gatk4-haplotype-caller.vcf
    wildcards: sample=24-007264-003_CHICKEN_2024-03-07
    resources: tmpdir=/tmp

[Sat Jul 25 15:15:39 2026]
Finished job 39.
38 of 57 steps (67%) done
Select jobs to execute...

[Sat Jul 25 15:15:39 2026]
rule select_INDEL:
    input: vcf_files/24-007264-003_CHICKEN_2024-03-07/gatk4-unfiltered-genotypes.vcf
    output: vcf_files/24-007264-003_CHICKEN_2024-03-07/gatk4-unfiltered-indels.vcf
    jobid: 47
    reason: Missing output files: vcf_files/24-007264-003_CHICKEN_2024-03-07/gatk4-unfiltered-indels.vcf; Input files updated by another job: vcf_files/24-007264-003_CHICKEN_2024-03-07/gatk4-unfiltered-genotypes.vcf
    wildcards: sample=24-007264-003_CHICKEN_2024-03-07
    resources: tmpdir=/tmp

[Sat Jul 25 15:15:43 2026]
Finished job 47.
39 of 57 steps (68%) done
Select jobs to execute...

[Sat Jul 25 15:15:43 2026]
rule select_SNP:
    input: vcf_files/24-007264-003_CHICKEN_2024-03-07/gatk4-unfiltered-genotypes.vcf
    output: vcf_files/24-007264-003_CHICKEN_2024-03-07/gatk4-unfiltered-snps.vcf
    jobid: 43
    reason: Missing output files: vcf_files/24-007264-003_CHICKEN_2024-03-07/gatk4-unfiltered-snps.vcf; Input files updated by another job: vcf_files/24-007264-003_CHICKEN_2024-03-07/gatk4-unfiltered-genotypes.vcf
    wildcards: sample=24-007264-003_CHICKEN_2024-03-07
    resources: tmpdir=/tmp

[Sat Jul 25 15:15:47 2026]
Finished job 43.
40 of 57 steps (70%) done
Select jobs to execute...

[Sat Jul 25 15:15:47 2026]
rule filter_SNP:
    input: vcf_files/24-007264-003_CHICKEN_2024-03-07/gatk4-unfiltered-snps.vcf, Reference/reference.fa
    output: vcf_files/24-007264-003_CHICKEN_2024-03-07/gatk4-filtered-snps.vcf
    jobid: 51
    reason: Missing output files: vcf_files/24-007264-003_CHICKEN_2024-03-07/gatk4-filtered-snps.vcf; Input files updated by another job: vcf_files/24-007264-003_CHICKEN_2024-03-07/gatk4-unfiltered-snps.vcf
    wildcards: sample=24-007264-003_CHICKEN_2024-03-07
    resources: tmpdir=/tmp

[Sat Jul 25 15:15:51 2026]
Finished job 51.
41 of 57 steps (72%) done
[Sat Jul 25 15:21:02 2026]
Finished job 36.
42 of 57 steps (74%) done
Select jobs to execute...

[Sat Jul 25 15:21:02 2026]
rule genotyping:
    input: vcf_files/24-008354-001_BLACKBIRD_2024-03-16/gatk4-haplotype-caller.vcf, Reference/reference.fa
    output: vcf_files/24-008354-001_BLACKBIRD_2024-03-16/gatk4-unfiltered-genotypes.vcf
    jobid: 40
    reason: Missing output files: vcf_files/24-008354-001_BLACKBIRD_2024-03-16/gatk4-unfiltered-genotypes.vcf; Input files updated by another job: vcf_files/24-008354-001_BLACKBIRD_2024-03-16/gatk4-haplotype-caller.vcf
    wildcards: sample=24-008354-001_BLACKBIRD_2024-03-16
    resources: tmpdir=/tmp

[Sat Jul 25 15:21:07 2026]
Finished job 40.
43 of 57 steps (75%) done
Select jobs to execute...

[Sat Jul 25 15:21:07 2026]
rule select_INDEL:
    input: vcf_files/24-008354-001_BLACKBIRD_2024-03-16/gatk4-unfiltered-genotypes.vcf
    output: vcf_files/24-008354-001_BLACKBIRD_2024-03-16/gatk4-unfiltered-indels.vcf
    jobid: 48
    reason: Missing output files: vcf_files/24-008354-001_BLACKBIRD_2024-03-16/gatk4-unfiltered-indels.vcf; Input files updated by another job: vcf_files/24-008354-001_BLACKBIRD_2024-03-16/gatk4-unfiltered-genotypes.vcf
    wildcards: sample=24-008354-001_BLACKBIRD_2024-03-16
    resources: tmpdir=/tmp


[Sat Jul 25 15:21:07 2026]
rule select_SNP:
    input: vcf_files/24-008354-001_BLACKBIRD_2024-03-16/gatk4-unfiltered-genotypes.vcf
    output: vcf_files/24-008354-001_BLACKBIRD_2024-03-16/gatk4-unfiltered-snps.vcf
    jobid: 44
    reason: Missing output files: vcf_files/24-008354-001_BLACKBIRD_2024-03-16/gatk4-unfiltered-snps.vcf; Input files updated by another job: vcf_files/24-008354-001_BLACKBIRD_2024-03-16/gatk4-unfiltered-genotypes.vcf
    wildcards: sample=24-008354-001_BLACKBIRD_2024-03-16
    resources: tmpdir=/tmp

[Sat Jul 25 15:21:11 2026]
Finished job 48.
44 of 57 steps (77%) done
[Sat Jul 25 15:21:11 2026]
Finished job 44.
45 of 57 steps (79%) done
Select jobs to execute...

[Sat Jul 25 15:21:11 2026]
rule filter_SNP:
    input: vcf_files/24-008354-001_BLACKBIRD_2024-03-16/gatk4-unfiltered-snps.vcf, Reference/reference.fa
    output: vcf_files/24-008354-001_BLACKBIRD_2024-03-16/gatk4-filtered-snps.vcf
    jobid: 52
    reason: Missing output files: vcf_files/24-008354-001_BLACKBIRD_2024-03-16/gatk4-filtered-snps.vcf; Input files updated by another job: vcf_files/24-008354-001_BLACKBIRD_2024-03-16/gatk4-unfiltered-snps.vcf
    wildcards: sample=24-008354-001_BLACKBIRD_2024-03-16
    resources: tmpdir=/tmp

[Sat Jul 25 15:21:15 2026]
Finished job 52.
46 of 57 steps (81%) done
[Sat Jul 25 15:23:11 2026]
Finished job 34.
47 of 57 steps (82%) done
Select jobs to execute...

[Sat Jul 25 15:23:11 2026]
rule genotyping:
    input: vcf_files/24-008356-003_Wild-Bird_COGR_2024-03-18/gatk4-haplotype-caller.vcf, Reference/reference.fa
    output: vcf_files/24-008356-003_Wild-Bird_COGR_2024-03-18/gatk4-unfiltered-genotypes.vcf
    jobid: 38
    reason: Missing output files: vcf_files/24-008356-003_Wild-Bird_COGR_2024-03-18/gatk4-unfiltered-genotypes.vcf; Input files updated by another job: vcf_files/24-008356-003_Wild-Bird_COGR_2024-03-18/gatk4-haplotype-caller.vcf
    wildcards: sample=24-008356-003_Wild-Bird_COGR_2024-03-18
    resources: tmpdir=/tmp

[Sat Jul 25 15:23:16 2026]
Finished job 38.
48 of 57 steps (84%) done
Select jobs to execute...

[Sat Jul 25 15:23:16 2026]
rule select_SNP:
    input: vcf_files/24-008356-003_Wild-Bird_COGR_2024-03-18/gatk4-unfiltered-genotypes.vcf
    output: vcf_files/24-008356-003_Wild-Bird_COGR_2024-03-18/gatk4-unfiltered-snps.vcf
    jobid: 42
    reason: Missing output files: vcf_files/24-008356-003_Wild-Bird_COGR_2024-03-18/gatk4-unfiltered-snps.vcf; Input files updated by another job: vcf_files/24-008356-003_Wild-Bird_COGR_2024-03-18/gatk4-unfiltered-genotypes.vcf
    wildcards: sample=24-008356-003_Wild-Bird_COGR_2024-03-18
    resources: tmpdir=/tmp


[Sat Jul 25 15:23:16 2026]
rule select_INDEL:
    input: vcf_files/24-008356-003_Wild-Bird_COGR_2024-03-18/gatk4-unfiltered-genotypes.vcf
    output: vcf_files/24-008356-003_Wild-Bird_COGR_2024-03-18/gatk4-unfiltered-indels.vcf
    jobid: 46
    reason: Missing output files: vcf_files/24-008356-003_Wild-Bird_COGR_2024-03-18/gatk4-unfiltered-indels.vcf; Input files updated by another job: vcf_files/24-008356-003_Wild-Bird_COGR_2024-03-18/gatk4-unfiltered-genotypes.vcf
    wildcards: sample=24-008356-003_Wild-Bird_COGR_2024-03-18
    resources: tmpdir=/tmp

[Sat Jul 25 15:23:20 2026]
Finished job 46.
49 of 57 steps (86%) done
[Sat Jul 25 15:23:20 2026]
Finished job 42.
50 of 57 steps (88%) done
Select jobs to execute...

[Sat Jul 25 15:23:20 2026]
rule filter_SNP:
    input: vcf_files/24-008356-003_Wild-Bird_COGR_2024-03-18/gatk4-unfiltered-snps.vcf, Reference/reference.fa
    output: vcf_files/24-008356-003_Wild-Bird_COGR_2024-03-18/gatk4-filtered-snps.vcf
    jobid: 50
    reason: Missing output files: vcf_files/24-008356-003_Wild-Bird_COGR_2024-03-18/gatk4-filtered-snps.vcf; Input files updated by another job: vcf_files/24-008356-003_Wild-Bird_COGR_2024-03-18/gatk4-unfiltered-snps.vcf
    wildcards: sample=24-008356-003_Wild-Bird_COGR_2024-03-18
    resources: tmpdir=/tmp

[Sat Jul 25 15:23:24 2026]
Finished job 50.
51 of 57 steps (89%) done
[Sat Jul 25 15:30:25 2026]
Finished job 33.
52 of 57 steps (91%) done
Select jobs to execute...

[Sat Jul 25 15:30:25 2026]
rule genotyping:
    input: vcf_files/24-008357-001_BLACKBIRD_2024-03-16/gatk4-haplotype-caller.vcf, Reference/reference.fa
    output: vcf_files/24-008357-001_BLACKBIRD_2024-03-16/gatk4-unfiltered-genotypes.vcf
    jobid: 37
    reason: Missing output files: vcf_files/24-008357-001_BLACKBIRD_2024-03-16/gatk4-unfiltered-genotypes.vcf; Input files updated by another job: vcf_files/24-008357-001_BLACKBIRD_2024-03-16/gatk4-haplotype-caller.vcf
    wildcards: sample=24-008357-001_BLACKBIRD_2024-03-16
    resources: tmpdir=/tmp

[Sat Jul 25 15:30:30 2026]
Finished job 37.
53 of 57 steps (93%) done
Select jobs to execute...

[Sat Jul 25 15:30:30 2026]
rule select_SNP:
    input: vcf_files/24-008357-001_BLACKBIRD_2024-03-16/gatk4-unfiltered-genotypes.vcf
    output: vcf_files/24-008357-001_BLACKBIRD_2024-03-16/gatk4-unfiltered-snps.vcf
    jobid: 41
    reason: Missing output files: vcf_files/24-008357-001_BLACKBIRD_2024-03-16/gatk4-unfiltered-snps.vcf; Input files updated by another job: vcf_files/24-008357-001_BLACKBIRD_2024-03-16/gatk4-unfiltered-genotypes.vcf
    wildcards: sample=24-008357-001_BLACKBIRD_2024-03-16
    resources: tmpdir=/tmp


[Sat Jul 25 15:30:30 2026]
rule select_INDEL:
    input: vcf_files/24-008357-001_BLACKBIRD_2024-03-16/gatk4-unfiltered-genotypes.vcf
    output: vcf_files/24-008357-001_BLACKBIRD_2024-03-16/gatk4-unfiltered-indels.vcf
    jobid: 45
    reason: Missing output files: vcf_files/24-008357-001_BLACKBIRD_2024-03-16/gatk4-unfiltered-indels.vcf; Input files updated by another job: vcf_files/24-008357-001_BLACKBIRD_2024-03-16/gatk4-unfiltered-genotypes.vcf
    wildcards: sample=24-008357-001_BLACKBIRD_2024-03-16
    resources: tmpdir=/tmp

[Sat Jul 25 15:30:34 2026]
Finished job 45.
54 of 57 steps (95%) done
[Sat Jul 25 15:30:34 2026]
Finished job 41.
55 of 57 steps (96%) done
Select jobs to execute...

[Sat Jul 25 15:30:34 2026]
rule filter_SNP:
    input: vcf_files/24-008357-001_BLACKBIRD_2024-03-16/gatk4-unfiltered-snps.vcf, Reference/reference.fa
    output: vcf_files/24-008357-001_BLACKBIRD_2024-03-16/gatk4-filtered-snps.vcf
    jobid: 49
    reason: Missing output files: vcf_files/24-008357-001_BLACKBIRD_2024-03-16/gatk4-filtered-snps.vcf; Input files updated by another job: vcf_files/24-008357-001_BLACKBIRD_2024-03-16/gatk4-unfiltered-snps.vcf
    wildcards: sample=24-008357-001_BLACKBIRD_2024-03-16
    resources: tmpdir=/tmp

[Sat Jul 25 15:30:38 2026]
Finished job 49.
56 of 57 steps (98%) done
Select jobs to execute...

[Sat Jul 25 15:30:38 2026]
localrule all:
    input: processed-reads/24-008357-001_BLACKBIRD_2024-03-16/24-008357-001_BLACKBIRD_2024-03-16_R1.fastq.gz, processed-reads/24-008356-003_Wild-Bird_COGR_2024-03-18/24-008356-003_Wild-Bird_COGR_2024-03-18_R1.fastq.gz, processed-reads/24-007264-003_CHICKEN_2024-03-07/24-007264-003_CHICKEN_2024-03-07_R1.fastq.gz, processed-reads/24-008354-001_BLACKBIRD_2024-03-16/24-008354-001_BLACKBIRD_2024-03-16_R1.fastq.gz, processed-reads/24-008357-001_BLACKBIRD_2024-03-16/24-008357-001_BLACKBIRD_2024-03-16_R2.fastq.gz, processed-reads/24-008356-003_Wild-Bird_COGR_2024-03-18/24-008356-003_Wild-Bird_COGR_2024-03-18_R2.fastq.gz, processed-reads/24-007264-003_CHICKEN_2024-03-07/24-007264-003_CHICKEN_2024-03-07_R2.fastq.gz, processed-reads/24-008354-001_BLACKBIRD_2024-03-16/24-008354-001_BLACKBIRD_2024-03-16_R2.fastq.gz, BAM_files/24-008357-001_BLACKBIRD_2024-03-16/fastqsam.bam, BAM_files/24-008356-003_Wild-Bird_COGR_2024-03-18/fastqsam.bam, BAM_files/24-007264-003_CHICKEN_2024-03-07/fastqsam.bam, BAM_files/24-008354-001_BLACKBIRD_2024-03-16/fastqsam.bam, BAM_files/24-008357-001_BLACKBIRD_2024-03-16/revertsam.bam, BAM_files/24-008356-003_Wild-Bird_COGR_2024-03-18/revertsam.bam, BAM_files/24-007264-003_CHICKEN_2024-03-07/revertsam.bam, BAM_files/24-008354-001_BLACKBIRD_2024-03-16/revertsam.bam, BAM_files/24-008357-001_BLACKBIRD_2024-03-16/all_reads.bam, BAM_files/24-008356-003_Wild-Bird_COGR_2024-03-18/all_reads.bam, BAM_files/24-007264-003_CHICKEN_2024-03-07/all_reads.bam, BAM_files/24-008354-001_BLACKBIRD_2024-03-16/all_reads.bam, BAM_files/24-008357-001_BLACKBIRD_2024-03-16/mapped_reads_all.bam, BAM_files/24-008356-003_Wild-Bird_COGR_2024-03-18/mapped_reads_all.bam, BAM_files/24-007264-003_CHICKEN_2024-03-07/mapped_reads_all.bam, BAM_files/24-008354-001_BLACKBIRD_2024-03-16/mapped_reads_all.bam, BAM_files/24-008357-001_BLACKBIRD_2024-03-16/mapped_reads_sort.bam, BAM_files/24-008356-003_Wild-Bird_COGR_2024-03-18/mapped_reads_sort.bam, BAM_files/24-007264-003_CHICKEN_2024-03-07/mapped_reads_sort.bam, BAM_files/24-008354-001_BLACKBIRD_2024-03-16/mapped_reads_sort.bam, BAM_files/24-008357-001_BLACKBIRD_2024-03-16/mapped_reads_md.bam, BAM_files/24-008356-003_Wild-Bird_COGR_2024-03-18/mapped_reads_md.bam, BAM_files/24-007264-003_CHICKEN_2024-03-07/mapped_reads_md.bam, BAM_files/24-008354-001_BLACKBIRD_2024-03-16/mapped_reads_md.bam, logs/24-008357-001_BLACKBIRD_2024-03-16/duplicate_metrics.txt, logs/24-008356-003_Wild-Bird_COGR_2024-03-18/duplicate_metrics.txt, logs/24-007264-003_CHICKEN_2024-03-07/duplicate_metrics.txt, logs/24-008354-001_BLACKBIRD_2024-03-16/duplicate_metrics.txt, BAM_files/24-008357-001_BLACKBIRD_2024-03-16/final_mapped_reads.bam, BAM_files/24-008356-003_Wild-Bird_COGR_2024-03-18/final_mapped_reads.bam, BAM_files/24-007264-003_CHICKEN_2024-03-07/final_mapped_reads.bam, BAM_files/24-008354-001_BLACKBIRD_2024-03-16/final_mapped_reads.bam, BAM_files/24-008357-001_BLACKBIRD_2024-03-16/haplotype_caller.bam, BAM_files/24-008356-003_Wild-Bird_COGR_2024-03-18/haplotype_caller.bam, BAM_files/24-007264-003_CHICKEN_2024-03-07/haplotype_caller.bam, BAM_files/24-008354-001_BLACKBIRD_2024-03-16/haplotype_caller.bam, vcf_files/24-008357-001_BLACKBIRD_2024-03-16/gatk4-haplotype-caller.vcf, vcf_files/24-008356-003_Wild-Bird_COGR_2024-03-18/gatk4-haplotype-caller.vcf, vcf_files/24-007264-003_CHICKEN_2024-03-07/gatk4-haplotype-caller.vcf, vcf_files/24-008354-001_BLACKBIRD_2024-03-16/gatk4-haplotype-caller.vcf, vcf_files/24-008357-001_BLACKBIRD_2024-03-16/gatk4-unfiltered-genotypes.vcf, vcf_files/24-008356-003_Wild-Bird_COGR_2024-03-18/gatk4-unfiltered-genotypes.vcf, vcf_files/24-007264-003_CHICKEN_2024-03-07/gatk4-unfiltered-genotypes.vcf, vcf_files/24-008354-001_BLACKBIRD_2024-03-16/gatk4-unfiltered-genotypes.vcf, vcf_files/24-008357-001_BLACKBIRD_2024-03-16/gatk4-unfiltered-snps.vcf, vcf_files/24-008356-003_Wild-Bird_COGR_2024-03-18/gatk4-unfiltered-snps.vcf, vcf_files/24-007264-003_CHICKEN_2024-03-07/gatk4-unfiltered-snps.vcf, vcf_files/24-008354-001_BLACKBIRD_2024-03-16/gatk4-unfiltered-snps.vcf, vcf_files/24-008357-001_BLACKBIRD_2024-03-16/gatk4-unfiltered-indels.vcf, vcf_files/24-008356-003_Wild-Bird_COGR_2024-03-18/gatk4-unfiltered-indels.vcf, vcf_files/24-007264-003_CHICKEN_2024-03-07/gatk4-unfiltered-indels.vcf, vcf_files/24-008354-001_BLACKBIRD_2024-03-16/gatk4-unfiltered-indels.vcf, vcf_files/24-008357-001_BLACKBIRD_2024-03-16/gatk4-filtered-snps.vcf, vcf_files/24-008356-003_Wild-Bird_COGR_2024-03-18/gatk4-filtered-snps.vcf, vcf_files/24-007264-003_CHICKEN_2024-03-07/gatk4-filtered-snps.vcf, vcf_files/24-008354-001_BLACKBIRD_2024-03-16/gatk4-filtered-snps.vcf, vcf_files/24-008357-001_BLACKBIRD_2024-03-16/lofreq-called-variants.vcf, vcf_files/24-008356-003_Wild-Bird_COGR_2024-03-18/lofreq-called-variants.vcf, vcf_files/24-007264-003_CHICKEN_2024-03-07/lofreq-called-variants.vcf, vcf_files/24-008354-001_BLACKBIRD_2024-03-16/lofreq-called-variants.vcf
    jobid: 0
    reason: Input files updated by another job: processed-reads/24-008356-003_Wild-Bird_COGR_2024-03-18/24-008356-003_Wild-Bird_COGR_2024-03-18_R2.fastq.gz, processed-reads/24-008354-001_BLACKBIRD_2024-03-16/24-008354-001_BLACKBIRD_2024-03-16_R1.fastq.gz, BAM_files/24-008354-001_BLACKBIRD_2024-03-16/mapped_reads_sort.bam, vcf_files/24-008356-003_Wild-Bird_COGR_2024-03-18/lofreq-called-variants.vcf, vcf_files/24-008356-003_Wild-Bird_COGR_2024-03-18/gatk4-unfiltered-indels.vcf, BAM_files/24-008354-001_BLACKBIRD_2024-03-16/revertsam.bam, vcf_files/24-008354-001_BLACKBIRD_2024-03-16/gatk4-unfiltered-indels.vcf, processed-reads/24-008354-001_BLACKBIRD_2024-03-16/24-008354-001_BLACKBIRD_2024-03-16_R2.fastq.gz, BAM_files/24-008357-001_BLACKBIRD_2024-03-16/final_mapped_reads.bam, vcf_files/24-008354-001_BLACKBIRD_2024-03-16/gatk4-unfiltered-snps.vcf, BAM_files/24-008354-001_BLACKBIRD_2024-03-16/mapped_reads_all.bam, vcf_files/24-008357-001_BLACKBIRD_2024-03-16/gatk4-unfiltered-genotypes.vcf, vcf_files/24-007264-003_CHICKEN_2024-03-07/gatk4-unfiltered-genotypes.vcf, vcf_files/24-008354-001_BLACKBIRD_2024-03-16/gatk4-filtered-snps.vcf, processed-reads/24-008357-001_BLACKBIRD_2024-03-16/24-008357-001_BLACKBIRD_2024-03-16_R1.fastq.gz, vcf_files/24-007264-003_CHICKEN_2024-03-07/lofreq-called-variants.vcf, BAM_files/24-008356-003_Wild-Bird_COGR_2024-03-18/revertsam.bam, processed-reads/24-007264-003_CHICKEN_2024-03-07/24-007264-003_CHICKEN_2024-03-07_R1.fastq.gz, processed-reads/24-008356-003_Wild-Bird_COGR_2024-03-18/24-008356-003_Wild-Bird_COGR_2024-03-18_R1.fastq.gz, BAM_files/24-008357-001_BLACKBIRD_2024-03-16/revertsam.bam, vcf_files/24-007264-003_CHICKEN_2024-03-07/gatk4-haplotype-caller.vcf, BAM_files/24-007264-003_CHICKEN_2024-03-07/mapped_reads_all.bam, vcf_files/24-008357-001_BLACKBIRD_2024-03-16/gatk4-haplotype-caller.vcf, BAM_files/24-008354-001_BLACKBIRD_2024-03-16/haplotype_caller.bam, BAM_files/24-008357-001_BLACKBIRD_2024-03-16/fastqsam.bam, BAM_files/24-007264-003_CHICKEN_2024-03-07/fastqsam.bam, vcf_files/24-008357-001_BLACKBIRD_2024-03-16/gatk4-unfiltered-indels.vcf, vcf_files/24-008357-001_BLACKBIRD_2024-03-16/gatk4-unfiltered-snps.vcf, vcf_files/24-007264-003_CHICKEN_2024-03-07/gatk4-filtered-snps.vcf, vcf_files/24-008354-001_BLACKBIRD_2024-03-16/lofreq-called-variants.vcf, vcf_files/24-008356-003_Wild-Bird_COGR_2024-03-18/gatk4-filtered-snps.vcf, BAM_files/24-008354-001_BLACKBIRD_2024-03-16/all_reads.bam, BAM_files/24-007264-003_CHICKEN_2024-03-07/mapped_reads_sort.bam, BAM_files/24-008354-001_BLACKBIRD_2024-03-16/mapped_reads_md.bam, BAM_files/24-008354-001_BLACKBIRD_2024-03-16/final_mapped_reads.bam, vcf_files/24-008356-003_Wild-Bird_COGR_2024-03-18/gatk4-unfiltered-snps.vcf, BAM_files/24-008356-003_Wild-Bird_COGR_2024-03-18/final_mapped_reads.bam, vcf_files/24-008356-003_Wild-Bird_COGR_2024-03-18/gatk4-haplotype-caller.vcf, vcf_files/24-008354-001_BLACKBIRD_2024-03-16/gatk4-haplotype-caller.vcf, vcf_files/24-007264-003_CHICKEN_2024-03-07/gatk4-unfiltered-snps.vcf, BAM_files/24-008356-003_Wild-Bird_COGR_2024-03-18/fastqsam.bam, BAM_files/24-008356-003_Wild-Bird_COGR_2024-03-18/mapped_reads_all.bam, BAM_files/24-008357-001_BLACKBIRD_2024-03-16/mapped_reads_all.bam, vcf_files/24-008356-003_Wild-Bird_COGR_2024-03-18/gatk4-unfiltered-genotypes.vcf, BAM_files/24-008357-001_BLACKBIRD_2024-03-16/mapped_reads_sort.bam, logs/24-008356-003_Wild-Bird_COGR_2024-03-18/duplicate_metrics.txt, BAM_files/24-007264-003_CHICKEN_2024-03-07/mapped_reads_md.bam, BAM_files/24-007264-003_CHICKEN_2024-03-07/all_reads.bam, BAM_files/24-008357-001_BLACKBIRD_2024-03-16/all_reads.bam, BAM_files/24-007264-003_CHICKEN_2024-03-07/final_mapped_reads.bam, vcf_files/24-007264-003_CHICKEN_2024-03-07/gatk4-unfiltered-indels.vcf, logs/24-007264-003_CHICKEN_2024-03-07/duplicate_metrics.txt, vcf_files/24-008354-001_BLACKBIRD_2024-03-16/gatk4-unfiltered-genotypes.vcf, vcf_files/24-008357-001_BLACKBIRD_2024-03-16/gatk4-filtered-snps.vcf, BAM_files/24-008357-001_BLACKBIRD_2024-03-16/mapped_reads_md.bam, BAM_files/24-008356-003_Wild-Bird_COGR_2024-03-18/all_reads.bam, processed-reads/24-008357-001_BLACKBIRD_2024-03-16/24-008357-001_BLACKBIRD_2024-03-16_R2.fastq.gz, BAM_files/24-008357-001_BLACKBIRD_2024-03-16/haplotype_caller.bam, BAM_files/24-008354-001_BLACKBIRD_2024-03-16/fastqsam.bam, BAM_files/24-007264-003_CHICKEN_2024-03-07/haplotype_caller.bam, logs/24-008357-001_BLACKBIRD_2024-03-16/duplicate_metrics.txt, vcf_files/24-008357-001_BLACKBIRD_2024-03-16/lofreq-called-variants.vcf, BAM_files/24-008356-003_Wild-Bird_COGR_2024-03-18/mapped_reads_md.bam, processed-reads/24-007264-003_CHICKEN_2024-03-07/24-007264-003_CHICKEN_2024-03-07_R2.fastq.gz, BAM_files/24-008356-003_Wild-Bird_COGR_2024-03-18/haplotype_caller.bam, BAM_files/24-007264-003_CHICKEN_2024-03-07/revertsam.bam, logs/24-008354-001_BLACKBIRD_2024-03-16/duplicate_metrics.txt, BAM_files/24-008356-003_Wild-Bird_COGR_2024-03-18/mapped_reads_sort.bam
    resources: tmpdir=/tmp

[Sat Jul 25 15:30:38 2026]
Finished job 0.
57 of 57 steps (100%) done
Complete log: .snakemake/log/2026-07-25T145724.952377.snakemake.log
